	.text
	.syntax unified
	.eabi_attribute	67, "2.09"	@ Tag_conformance
	.cpu	cortex-m4
	.eabi_attribute	6, 13	@ Tag_CPU_arch
	.eabi_attribute	7, 77	@ Tag_CPU_arch_profile
	.eabi_attribute	8, 0	@ Tag_ARM_ISA_use
	.eabi_attribute	9, 2	@ Tag_THUMB_ISA_use
	.fpu	fpv4-sp-d16
	.eabi_attribute	27, 1	@ Tag_ABI_HardFP_use
	.eabi_attribute	36, 1	@ Tag_FP_HP_extension
	.eabi_attribute	34, 1	@ Tag_CPU_unaligned_access
	.eabi_attribute	17, 1	@ Tag_ABI_PCS_GOT_use
	.eabi_attribute	20, 2	@ Tag_ABI_FP_denormal
	.eabi_attribute	21, 0	@ Tag_ABI_FP_exceptions
	.eabi_attribute	23, 1	@ Tag_ABI_FP_number_model
	.eabi_attribute	24, 1	@ Tag_ABI_align_needed
	.eabi_attribute	25, 1	@ Tag_ABI_align_preserved
	.eabi_attribute	28, 1	@ Tag_ABI_VFP_args
	.eabi_attribute	38, 1	@ Tag_ABI_FP_16bit_format
	.eabi_attribute	18, 4	@ Tag_ABI_PCS_wchar_t
	.eabi_attribute	26, 2	@ Tag_ABI_enum_size
	.eabi_attribute	14, 0	@ Tag_ABI_PCS_R9_use
	.file	"gpioControl.c"
	.file	1 "C:\\Users\\admin\\OneDrive\\Embedded\\scratch\\STM32F439_Template\\STM32F439_Template" "./inc\\gpioControl.h"
	.hidden	gpio_configureGPIO              @ -- Begin function gpio_configureGPIO
	.globl	gpio_configureGPIO
	.p2align	2
	.type	gpio_configureGPIO,%function
	.code	16                              @ @gpio_configureGPIO
	.thumb_func
gpio_configureGPIO:
.Lfunc_begin0:
	.file	2 "C:\\Users\\admin\\OneDrive\\Embedded\\scratch\\STM32F439_Template\\STM32F439_Template" "src/gpioControl.c"
	.loc	2 22 0                          @ src/gpioControl.c:22:0
	.fnstart
	.cfi_sections .debug_frame
	.cfi_startproc
@ %bb.0:
	.pad	#4
	sub	sp, #4
	.cfi_def_cfa_offset 4
	str	r0, [sp]
.Ltmp0:
	.loc	2 26 54 prologue_end            @ src/gpioControl.c:26:54
	ldr	r0, [sp]
	.loc	2 26 13 is_stmt 0               @ src/gpioControl.c:26:13
	ldr	r2, [r0]
	.loc	2 26 65                         @ src/gpioControl.c:26:65
	ldr	r0, [r0, #4]
	.loc	2 26 69                         @ src/gpioControl.c:26:69
	lsls	r1, r0, #1
	movs	r0, #3
	.loc	2 26 50                         @ src/gpioControl.c:26:50
	lsl.w	r3, r0, r1
	.loc	2 26 25                         @ src/gpioControl.c:26:25
	ldr	r1, [r2]
	bics	r1, r3
	str	r1, [r2]
	.loc	2 27 54 is_stmt 1               @ src/gpioControl.c:27:54
	ldr	r1, [sp]
	.loc	2 27 13 is_stmt 0               @ src/gpioControl.c:27:13
	ldr	r2, [r1]
	.loc	2 27 65                         @ src/gpioControl.c:27:65
	ldr	r3, [r1, #4]
	movs	r1, #1
	.loc	2 27 51                         @ src/gpioControl.c:27:51
	lsl.w	r3, r1, r3
	.loc	2 27 26                         @ src/gpioControl.c:27:26
	ldr	r1, [r2, #4]
	bics	r1, r3
	str	r1, [r2, #4]
	.loc	2 28 56 is_stmt 1               @ src/gpioControl.c:28:56
	ldr	r1, [sp]
	.loc	2 28 13 is_stmt 0               @ src/gpioControl.c:28:13
	ldr	r2, [r1]
	.loc	2 28 67                         @ src/gpioControl.c:28:67
	ldr	r1, [r1, #4]
	.loc	2 28 71                         @ src/gpioControl.c:28:71
	lsls	r1, r1, #1
	.loc	2 28 52                         @ src/gpioControl.c:28:52
	lsl.w	r3, r0, r1
	.loc	2 28 27                         @ src/gpioControl.c:28:27
	ldr	r1, [r2, #8]
	bics	r1, r3
	str	r1, [r2, #8]
	.loc	2 29 54 is_stmt 1               @ src/gpioControl.c:29:54
	ldr	r2, [sp]
	.loc	2 29 13 is_stmt 0               @ src/gpioControl.c:29:13
	ldr	r1, [r2]
	.loc	2 29 65                         @ src/gpioControl.c:29:65
	ldr	r2, [r2, #4]
	.loc	2 29 69                         @ src/gpioControl.c:29:69
	lsls	r2, r2, #1
	.loc	2 29 50                         @ src/gpioControl.c:29:50
	lsl.w	r2, r0, r2
	.loc	2 29 25                         @ src/gpioControl.c:29:25
	ldr	r0, [r1, #12]
	bics	r0, r2
	str	r0, [r1, #12]
	.loc	2 32 43 is_stmt 1               @ src/gpioControl.c:32:43
	ldr	r0, [sp]
	.loc	2 32 13 is_stmt 0               @ src/gpioControl.c:32:13
	ldr	r1, [r0]
	.loc	2 32 74                         @ src/gpioControl.c:32:74
	ldr	r2, [r0, #4]
	.loc	2 32 54                         @ src/gpioControl.c:32:54
	ldr	r0, [r0, #8]
	.loc	2 32 78                         @ src/gpioControl.c:32:78
	lsls	r2, r2, #1
	.loc	2 32 59                         @ src/gpioControl.c:32:59
	lsl.w	r2, r0, r2
	.loc	2 32 25                         @ src/gpioControl.c:32:25
	ldr	r0, [r1]
	orrs	r0, r2
	str	r0, [r1]
	.loc	2 33 44 is_stmt 1               @ src/gpioControl.c:33:44
	ldr	r0, [sp]
	.loc	2 33 13 is_stmt 0               @ src/gpioControl.c:33:13
	ldr	r1, [r0]
	.loc	2 33 80                         @ src/gpioControl.c:33:80
	ldr	r2, [r0, #4]
	.loc	2 33 55                         @ src/gpioControl.c:33:55
	ldr	r0, [r0, #16]
	.loc	2 33 66                         @ src/gpioControl.c:33:66
	lsl.w	r2, r0, r2
	.loc	2 33 26                         @ src/gpioControl.c:33:26
	ldr	r0, [r1, #4]
	orrs	r0, r2
	str	r0, [r1, #4]
	.loc	2 34 45 is_stmt 1               @ src/gpioControl.c:34:45
	ldr	r0, [sp]
	.loc	2 34 13 is_stmt 0               @ src/gpioControl.c:34:13
	ldr	r1, [r0]
	.loc	2 34 77                         @ src/gpioControl.c:34:77
	ldr	r2, [r0, #4]
	.loc	2 34 56                         @ src/gpioControl.c:34:56
	ldr	r0, [r0, #20]
	.loc	2 34 81                         @ src/gpioControl.c:34:81
	lsls	r2, r2, #1
	.loc	2 34 62                         @ src/gpioControl.c:34:62
	lsl.w	r2, r0, r2
	.loc	2 34 27                         @ src/gpioControl.c:34:27
	ldr	r0, [r1, #8]
	orrs	r0, r2
	str	r0, [r1, #8]
	.loc	2 35 43 is_stmt 1               @ src/gpioControl.c:35:43
	ldr	r0, [sp]
	.loc	2 35 13 is_stmt 0               @ src/gpioControl.c:35:13
	ldr	r1, [r0]
	.loc	2 35 80                         @ src/gpioControl.c:35:80
	ldr	r2, [r0, #4]
	.loc	2 35 54                         @ src/gpioControl.c:35:54
	ldr	r0, [r0, #12]
	.loc	2 35 84                         @ src/gpioControl.c:35:84
	lsls	r2, r2, #1
	.loc	2 35 65                         @ src/gpioControl.c:35:65
	lsl.w	r2, r0, r2
	.loc	2 35 25                         @ src/gpioControl.c:35:25
	ldr	r0, [r1, #12]
	orrs	r0, r2
	str	r0, [r1, #12]
	.loc	2 36 1 epilogue_begin is_stmt 1 @ src/gpioControl.c:36:1
	add	sp, #4
	bx	lr
.Ltmp1:
.Lfunc_end0:
	.size	gpio_configureGPIO, .Lfunc_end0-gpio_configureGPIO
	.cfi_endproc
	.cantunwind
	.fnend
                                        @ -- End function
	.hidden	gpio_setGPIO                    @ -- Begin function gpio_setGPIO
	.globl	gpio_setGPIO
	.p2align	2
	.type	gpio_setGPIO,%function
	.code	16                              @ @gpio_setGPIO
	.thumb_func
gpio_setGPIO:
.Lfunc_begin1:
	.loc	2 46 0                          @ src/gpioControl.c:46:0
	.fnstart
	.cfi_startproc
@ %bb.0:
	.pad	#8
	sub	sp, #8
	.cfi_def_cfa_offset 8
	str	r0, [sp, #4]
	str	r1, [sp]
.Ltmp2:
	.loc	2 48 29 prologue_end            @ src/gpioControl.c:48:29
	ldr	r1, [sp]
	movs	r0, #1
	.loc	2 48 26 is_stmt 0               @ src/gpioControl.c:48:26
	lsl.w	r2, r0, r1
	.loc	2 48 2                          @ src/gpioControl.c:48:2
	ldr	r1, [sp, #4]
	.loc	2 48 18                         @ src/gpioControl.c:48:18
	ldr	r0, [r1, #24]
	orrs	r0, r2
	str	r0, [r1, #24]
	.loc	2 50 1 epilogue_begin is_stmt 1 @ src/gpioControl.c:50:1
	add	sp, #8
	bx	lr
.Ltmp3:
.Lfunc_end1:
	.size	gpio_setGPIO, .Lfunc_end1-gpio_setGPIO
	.cfi_endproc
	.cantunwind
	.fnend
                                        @ -- End function
	.hidden	gpio_resetGPIO                  @ -- Begin function gpio_resetGPIO
	.globl	gpio_resetGPIO
	.p2align	2
	.type	gpio_resetGPIO,%function
	.code	16                              @ @gpio_resetGPIO
	.thumb_func
gpio_resetGPIO:
.Lfunc_begin2:
	.loc	2 59 0                          @ src/gpioControl.c:59:0
	.fnstart
	.cfi_startproc
@ %bb.0:
	.pad	#8
	sub	sp, #8
	.cfi_def_cfa_offset 8
	str	r0, [sp, #4]
	str	r1, [sp]
.Ltmp4:
	.loc	2 61 30 prologue_end            @ src/gpioControl.c:61:30
	ldr	r0, [sp]
	.loc	2 61 39 is_stmt 0               @ src/gpioControl.c:61:39
	add.w	r1, r0, #16
	movs	r0, #1
	.loc	2 61 26                         @ src/gpioControl.c:61:26
	lsl.w	r2, r0, r1
	.loc	2 61 2                          @ src/gpioControl.c:61:2
	ldr	r1, [sp, #4]
	.loc	2 61 18                         @ src/gpioControl.c:61:18
	ldr	r0, [r1, #24]
	orrs	r0, r2
	str	r0, [r1, #24]
	.loc	2 62 1 epilogue_begin is_stmt 1 @ src/gpioControl.c:62:1
	add	sp, #8
	bx	lr
.Ltmp5:
.Lfunc_end2:
	.size	gpio_resetGPIO, .Lfunc_end2-gpio_resetGPIO
	.cfi_endproc
	.cantunwind
	.fnend
                                        @ -- End function
	.hidden	gpio_getPinValue                @ -- Begin function gpio_getPinValue
	.globl	gpio_getPinValue
	.p2align	2
	.type	gpio_getPinValue,%function
	.code	16                              @ @gpio_getPinValue
	.thumb_func
gpio_getPinValue:
.Lfunc_begin3:
	.loc	2 72 0                          @ src/gpioControl.c:72:0
	.fnstart
	.cfi_startproc
@ %bb.0:
	.pad	#12
	sub	sp, #12
	.cfi_def_cfa_offset 12
	str	r0, [sp, #8]
	str	r1, [sp, #4]
	movs	r0, #0
.Ltmp6:
	.loc	2 73 10 prologue_end            @ src/gpioControl.c:73:10
	strb.w	r0, [sp, #3]
	.loc	2 75 14                         @ src/gpioControl.c:75:14
	ldr	r0, [sp, #8]
	.loc	2 75 25 is_stmt 0               @ src/gpioControl.c:75:25
	ldr	r0, [r0, #16]
	.loc	2 75 32                         @ src/gpioControl.c:75:32
	ldr	r1, [sp, #4]
	.loc	2 75 29                         @ src/gpioControl.c:75:29
	lsrs	r0, r1
	.loc	2 75 42                         @ src/gpioControl.c:75:42
	and	r0, r0, #1
	.loc	2 75 11                         @ src/gpioControl.c:75:11
	strb.w	r0, [sp, #3]
	.loc	2 77 9 is_stmt 1                @ src/gpioControl.c:77:9
	ldrb.w	r0, [sp, #3]
	.loc	2 77 2 epilogue_begin is_stmt 0 @ src/gpioControl.c:77:2
	add	sp, #12
	bx	lr
.Ltmp7:
.Lfunc_end3:
	.size	gpio_getPinValue, .Lfunc_end3-gpio_getPinValue
	.cfi_endproc
	.cantunwind
	.fnend
                                        @ -- End function
	.file	3 "C:\\Keil_v5\\ARM\\ARMCLANG\\bin\\..\\include" "stdint.h"
	.file	4 "C:\\Users\\admin\\OneDrive\\Embedded\\scratch\\STM32F439_Template\\STM32F439_Template" "./inc\\stm32f439xx.h"
	.section	.debug_abbrev,"",%progbits
	.byte	1                               @ Abbreviation Code
	.byte	17                              @ DW_TAG_compile_unit
	.byte	1                               @ DW_CHILDREN_yes
	.byte	37                              @ DW_AT_producer
	.byte	14                              @ DW_FORM_strp
	.byte	19                              @ DW_AT_language
	.byte	5                               @ DW_FORM_data2
	.byte	3                               @ DW_AT_name
	.byte	14                              @ DW_FORM_strp
	.byte	16                              @ DW_AT_stmt_list
	.byte	23                              @ DW_FORM_sec_offset
	.byte	27                              @ DW_AT_comp_dir
	.byte	14                              @ DW_FORM_strp
	.byte	17                              @ DW_AT_low_pc
	.byte	1                               @ DW_FORM_addr
	.byte	18                              @ DW_AT_high_pc
	.byte	6                               @ DW_FORM_data4
	.byte	0                               @ EOM(1)
	.byte	0                               @ EOM(2)
	.byte	2                               @ Abbreviation Code
	.byte	4                               @ DW_TAG_enumeration_type
	.byte	1                               @ DW_CHILDREN_yes
	.byte	73                              @ DW_AT_type
	.byte	19                              @ DW_FORM_ref4
	.byte	11                              @ DW_AT_byte_size
	.byte	11                              @ DW_FORM_data1
	.byte	58                              @ DW_AT_decl_file
	.byte	11                              @ DW_FORM_data1
	.byte	59                              @ DW_AT_decl_line
	.byte	11                              @ DW_FORM_data1
	.byte	0                               @ EOM(1)
	.byte	0                               @ EOM(2)
	.byte	3                               @ Abbreviation Code
	.byte	40                              @ DW_TAG_enumerator
	.byte	0                               @ DW_CHILDREN_no
	.byte	3                               @ DW_AT_name
	.byte	14                              @ DW_FORM_strp
	.byte	28                              @ DW_AT_const_value
	.byte	15                              @ DW_FORM_udata
	.byte	0                               @ EOM(1)
	.byte	0                               @ EOM(2)
	.byte	4                               @ Abbreviation Code
	.byte	36                              @ DW_TAG_base_type
	.byte	0                               @ DW_CHILDREN_no
	.byte	3                               @ DW_AT_name
	.byte	14                              @ DW_FORM_strp
	.byte	62                              @ DW_AT_encoding
	.byte	11                              @ DW_FORM_data1
	.byte	11                              @ DW_AT_byte_size
	.byte	11                              @ DW_FORM_data1
	.byte	0                               @ EOM(1)
	.byte	0                               @ EOM(2)
	.byte	5                               @ Abbreviation Code
	.byte	46                              @ DW_TAG_subprogram
	.byte	1                               @ DW_CHILDREN_yes
	.byte	17                              @ DW_AT_low_pc
	.byte	1                               @ DW_FORM_addr
	.byte	18                              @ DW_AT_high_pc
	.byte	6                               @ DW_FORM_data4
	.byte	64                              @ DW_AT_frame_base
	.byte	24                              @ DW_FORM_exprloc
	.byte	3                               @ DW_AT_name
	.byte	14                              @ DW_FORM_strp
	.byte	58                              @ DW_AT_decl_file
	.byte	11                              @ DW_FORM_data1
	.byte	59                              @ DW_AT_decl_line
	.byte	11                              @ DW_FORM_data1
	.byte	39                              @ DW_AT_prototyped
	.byte	25                              @ DW_FORM_flag_present
	.byte	63                              @ DW_AT_external
	.byte	25                              @ DW_FORM_flag_present
	.byte	0                               @ EOM(1)
	.byte	0                               @ EOM(2)
	.byte	6                               @ Abbreviation Code
	.byte	5                               @ DW_TAG_formal_parameter
	.byte	0                               @ DW_CHILDREN_no
	.byte	2                               @ DW_AT_location
	.byte	24                              @ DW_FORM_exprloc
	.byte	3                               @ DW_AT_name
	.byte	14                              @ DW_FORM_strp
	.byte	58                              @ DW_AT_decl_file
	.byte	11                              @ DW_FORM_data1
	.byte	59                              @ DW_AT_decl_line
	.byte	11                              @ DW_FORM_data1
	.byte	73                              @ DW_AT_type
	.byte	19                              @ DW_FORM_ref4
	.byte	0                               @ EOM(1)
	.byte	0                               @ EOM(2)
	.byte	7                               @ Abbreviation Code
	.byte	46                              @ DW_TAG_subprogram
	.byte	1                               @ DW_CHILDREN_yes
	.byte	17                              @ DW_AT_low_pc
	.byte	1                               @ DW_FORM_addr
	.byte	18                              @ DW_AT_high_pc
	.byte	6                               @ DW_FORM_data4
	.byte	64                              @ DW_AT_frame_base
	.byte	24                              @ DW_FORM_exprloc
	.byte	3                               @ DW_AT_name
	.byte	14                              @ DW_FORM_strp
	.byte	58                              @ DW_AT_decl_file
	.byte	11                              @ DW_FORM_data1
	.byte	59                              @ DW_AT_decl_line
	.byte	11                              @ DW_FORM_data1
	.byte	39                              @ DW_AT_prototyped
	.byte	25                              @ DW_FORM_flag_present
	.byte	73                              @ DW_AT_type
	.byte	19                              @ DW_FORM_ref4
	.byte	63                              @ DW_AT_external
	.byte	25                              @ DW_FORM_flag_present
	.byte	0                               @ EOM(1)
	.byte	0                               @ EOM(2)
	.byte	8                               @ Abbreviation Code
	.byte	52                              @ DW_TAG_variable
	.byte	0                               @ DW_CHILDREN_no
	.byte	2                               @ DW_AT_location
	.byte	24                              @ DW_FORM_exprloc
	.byte	3                               @ DW_AT_name
	.byte	14                              @ DW_FORM_strp
	.byte	58                              @ DW_AT_decl_file
	.byte	11                              @ DW_FORM_data1
	.byte	59                              @ DW_AT_decl_line
	.byte	11                              @ DW_FORM_data1
	.byte	73                              @ DW_AT_type
	.byte	19                              @ DW_FORM_ref4
	.byte	0                               @ EOM(1)
	.byte	0                               @ EOM(2)
	.byte	9                               @ Abbreviation Code
	.byte	22                              @ DW_TAG_typedef
	.byte	0                               @ DW_CHILDREN_no
	.byte	73                              @ DW_AT_type
	.byte	19                              @ DW_FORM_ref4
	.byte	3                               @ DW_AT_name
	.byte	14                              @ DW_FORM_strp
	.byte	58                              @ DW_AT_decl_file
	.byte	11                              @ DW_FORM_data1
	.byte	59                              @ DW_AT_decl_line
	.byte	11                              @ DW_FORM_data1
	.byte	0                               @ EOM(1)
	.byte	0                               @ EOM(2)
	.byte	10                              @ Abbreviation Code
	.byte	15                              @ DW_TAG_pointer_type
	.byte	0                               @ DW_CHILDREN_no
	.byte	73                              @ DW_AT_type
	.byte	19                              @ DW_FORM_ref4
	.byte	0                               @ EOM(1)
	.byte	0                               @ EOM(2)
	.byte	11                              @ Abbreviation Code
	.byte	19                              @ DW_TAG_structure_type
	.byte	1                               @ DW_CHILDREN_yes
	.byte	11                              @ DW_AT_byte_size
	.byte	11                              @ DW_FORM_data1
	.byte	58                              @ DW_AT_decl_file
	.byte	11                              @ DW_FORM_data1
	.byte	59                              @ DW_AT_decl_line
	.byte	11                              @ DW_FORM_data1
	.byte	0                               @ EOM(1)
	.byte	0                               @ EOM(2)
	.byte	12                              @ Abbreviation Code
	.byte	13                              @ DW_TAG_member
	.byte	0                               @ DW_CHILDREN_no
	.byte	3                               @ DW_AT_name
	.byte	14                              @ DW_FORM_strp
	.byte	73                              @ DW_AT_type
	.byte	19                              @ DW_FORM_ref4
	.byte	58                              @ DW_AT_decl_file
	.byte	11                              @ DW_FORM_data1
	.byte	59                              @ DW_AT_decl_line
	.byte	11                              @ DW_FORM_data1
	.byte	56                              @ DW_AT_data_member_location
	.byte	11                              @ DW_FORM_data1
	.byte	0                               @ EOM(1)
	.byte	0                               @ EOM(2)
	.byte	13                              @ Abbreviation Code
	.byte	22                              @ DW_TAG_typedef
	.byte	0                               @ DW_CHILDREN_no
	.byte	73                              @ DW_AT_type
	.byte	19                              @ DW_FORM_ref4
	.byte	3                               @ DW_AT_name
	.byte	14                              @ DW_FORM_strp
	.byte	58                              @ DW_AT_decl_file
	.byte	11                              @ DW_FORM_data1
	.byte	59                              @ DW_AT_decl_line
	.byte	5                               @ DW_FORM_data2
	.byte	0                               @ EOM(1)
	.byte	0                               @ EOM(2)
	.byte	14                              @ Abbreviation Code
	.byte	19                              @ DW_TAG_structure_type
	.byte	1                               @ DW_CHILDREN_yes
	.byte	11                              @ DW_AT_byte_size
	.byte	11                              @ DW_FORM_data1
	.byte	58                              @ DW_AT_decl_file
	.byte	11                              @ DW_FORM_data1
	.byte	59                              @ DW_AT_decl_line
	.byte	5                               @ DW_FORM_data2
	.byte	0                               @ EOM(1)
	.byte	0                               @ EOM(2)
	.byte	15                              @ Abbreviation Code
	.byte	13                              @ DW_TAG_member
	.byte	0                               @ DW_CHILDREN_no
	.byte	3                               @ DW_AT_name
	.byte	14                              @ DW_FORM_strp
	.byte	73                              @ DW_AT_type
	.byte	19                              @ DW_FORM_ref4
	.byte	58                              @ DW_AT_decl_file
	.byte	11                              @ DW_FORM_data1
	.byte	59                              @ DW_AT_decl_line
	.byte	5                               @ DW_FORM_data2
	.byte	56                              @ DW_AT_data_member_location
	.byte	11                              @ DW_FORM_data1
	.byte	0                               @ EOM(1)
	.byte	0                               @ EOM(2)
	.byte	16                              @ Abbreviation Code
	.byte	53                              @ DW_TAG_volatile_type
	.byte	0                               @ DW_CHILDREN_no
	.byte	73                              @ DW_AT_type
	.byte	19                              @ DW_FORM_ref4
	.byte	0                               @ EOM(1)
	.byte	0                               @ EOM(2)
	.byte	17                              @ Abbreviation Code
	.byte	1                               @ DW_TAG_array_type
	.byte	1                               @ DW_CHILDREN_yes
	.byte	73                              @ DW_AT_type
	.byte	19                              @ DW_FORM_ref4
	.byte	0                               @ EOM(1)
	.byte	0                               @ EOM(2)
	.byte	18                              @ Abbreviation Code
	.byte	33                              @ DW_TAG_subrange_type
	.byte	0                               @ DW_CHILDREN_no
	.byte	73                              @ DW_AT_type
	.byte	19                              @ DW_FORM_ref4
	.byte	55                              @ DW_AT_count
	.byte	11                              @ DW_FORM_data1
	.byte	0                               @ EOM(1)
	.byte	0                               @ EOM(2)
	.byte	19                              @ Abbreviation Code
	.byte	36                              @ DW_TAG_base_type
	.byte	0                               @ DW_CHILDREN_no
	.byte	3                               @ DW_AT_name
	.byte	14                              @ DW_FORM_strp
	.byte	11                              @ DW_AT_byte_size
	.byte	11                              @ DW_FORM_data1
	.byte	62                              @ DW_AT_encoding
	.byte	11                              @ DW_FORM_data1
	.byte	0                               @ EOM(1)
	.byte	0                               @ EOM(2)
	.byte	0                               @ EOM(3)
	.section	.debug_info,"",%progbits
.Lcu_begin0:
	.long	.Ldebug_info_end0-.Ldebug_info_start0 @ Length of Unit
.Ldebug_info_start0:
	.short	4                               @ DWARF version number
	.long	.debug_abbrev                   @ Offset Into Abbrev. Section
	.byte	4                               @ Address Size (in bytes)
	.byte	1                               @ Abbrev [1] 0xb:0x315 DW_TAG_compile_unit
	.long	.Linfo_string0                  @ DW_AT_producer
	.short	12                              @ DW_AT_language
	.long	.Linfo_string1                  @ DW_AT_name
	.long	.Lline_table_start0             @ DW_AT_stmt_list
	.long	.Linfo_string2                  @ DW_AT_comp_dir
	.long	.Lfunc_begin0                   @ DW_AT_low_pc
	.long	.Lfunc_end3-.Lfunc_begin0       @ DW_AT_high_pc
	.byte	2                               @ Abbrev [2] 0x26:0x69 DW_TAG_enumeration_type
	.long	143                             @ DW_AT_type
	.byte	4                               @ DW_AT_byte_size
	.byte	1                               @ DW_AT_decl_file
	.byte	17                              @ DW_AT_decl_line
	.byte	3                               @ Abbrev [3] 0x2e:0x6 DW_TAG_enumerator
	.long	.Linfo_string4                  @ DW_AT_name
	.byte	0                               @ DW_AT_const_value
	.byte	3                               @ Abbrev [3] 0x34:0x6 DW_TAG_enumerator
	.long	.Linfo_string5                  @ DW_AT_name
	.byte	1                               @ DW_AT_const_value
	.byte	3                               @ Abbrev [3] 0x3a:0x6 DW_TAG_enumerator
	.long	.Linfo_string6                  @ DW_AT_name
	.byte	2                               @ DW_AT_const_value
	.byte	3                               @ Abbrev [3] 0x40:0x6 DW_TAG_enumerator
	.long	.Linfo_string7                  @ DW_AT_name
	.byte	3                               @ DW_AT_const_value
	.byte	3                               @ Abbrev [3] 0x46:0x6 DW_TAG_enumerator
	.long	.Linfo_string8                  @ DW_AT_name
	.byte	4                               @ DW_AT_const_value
	.byte	3                               @ Abbrev [3] 0x4c:0x6 DW_TAG_enumerator
	.long	.Linfo_string9                  @ DW_AT_name
	.byte	5                               @ DW_AT_const_value
	.byte	3                               @ Abbrev [3] 0x52:0x6 DW_TAG_enumerator
	.long	.Linfo_string10                 @ DW_AT_name
	.byte	6                               @ DW_AT_const_value
	.byte	3                               @ Abbrev [3] 0x58:0x6 DW_TAG_enumerator
	.long	.Linfo_string11                 @ DW_AT_name
	.byte	7                               @ DW_AT_const_value
	.byte	3                               @ Abbrev [3] 0x5e:0x6 DW_TAG_enumerator
	.long	.Linfo_string12                 @ DW_AT_name
	.byte	8                               @ DW_AT_const_value
	.byte	3                               @ Abbrev [3] 0x64:0x6 DW_TAG_enumerator
	.long	.Linfo_string13                 @ DW_AT_name
	.byte	9                               @ DW_AT_const_value
	.byte	3                               @ Abbrev [3] 0x6a:0x6 DW_TAG_enumerator
	.long	.Linfo_string14                 @ DW_AT_name
	.byte	10                              @ DW_AT_const_value
	.byte	3                               @ Abbrev [3] 0x70:0x6 DW_TAG_enumerator
	.long	.Linfo_string15                 @ DW_AT_name
	.byte	11                              @ DW_AT_const_value
	.byte	3                               @ Abbrev [3] 0x76:0x6 DW_TAG_enumerator
	.long	.Linfo_string16                 @ DW_AT_name
	.byte	12                              @ DW_AT_const_value
	.byte	3                               @ Abbrev [3] 0x7c:0x6 DW_TAG_enumerator
	.long	.Linfo_string17                 @ DW_AT_name
	.byte	13                              @ DW_AT_const_value
	.byte	3                               @ Abbrev [3] 0x82:0x6 DW_TAG_enumerator
	.long	.Linfo_string18                 @ DW_AT_name
	.byte	14                              @ DW_AT_const_value
	.byte	3                               @ Abbrev [3] 0x88:0x6 DW_TAG_enumerator
	.long	.Linfo_string19                 @ DW_AT_name
	.byte	15                              @ DW_AT_const_value
	.byte	0                               @ End Of Children Mark
	.byte	4                               @ Abbrev [4] 0x8f:0x7 DW_TAG_base_type
	.long	.Linfo_string3                  @ DW_AT_name
	.byte	7                               @ DW_AT_encoding
	.byte	4                               @ DW_AT_byte_size
	.byte	2                               @ Abbrev [2] 0x96:0x21 DW_TAG_enumeration_type
	.long	143                             @ DW_AT_type
	.byte	4                               @ DW_AT_byte_size
	.byte	1                               @ DW_AT_decl_file
	.byte	18                              @ DW_AT_decl_line
	.byte	3                               @ Abbrev [3] 0x9e:0x6 DW_TAG_enumerator
	.long	.Linfo_string20                 @ DW_AT_name
	.byte	0                               @ DW_AT_const_value
	.byte	3                               @ Abbrev [3] 0xa4:0x6 DW_TAG_enumerator
	.long	.Linfo_string21                 @ DW_AT_name
	.byte	1                               @ DW_AT_const_value
	.byte	3                               @ Abbrev [3] 0xaa:0x6 DW_TAG_enumerator
	.long	.Linfo_string22                 @ DW_AT_name
	.byte	2                               @ DW_AT_const_value
	.byte	3                               @ Abbrev [3] 0xb0:0x6 DW_TAG_enumerator
	.long	.Linfo_string23                 @ DW_AT_name
	.byte	3                               @ DW_AT_const_value
	.byte	0                               @ End Of Children Mark
	.byte	2                               @ Abbrev [2] 0xb7:0x21 DW_TAG_enumeration_type
	.long	143                             @ DW_AT_type
	.byte	4                               @ DW_AT_byte_size
	.byte	1                               @ DW_AT_decl_file
	.byte	19                              @ DW_AT_decl_line
	.byte	3                               @ Abbrev [3] 0xbf:0x6 DW_TAG_enumerator
	.long	.Linfo_string24                 @ DW_AT_name
	.byte	0                               @ DW_AT_const_value
	.byte	3                               @ Abbrev [3] 0xc5:0x6 DW_TAG_enumerator
	.long	.Linfo_string25                 @ DW_AT_name
	.byte	1                               @ DW_AT_const_value
	.byte	3                               @ Abbrev [3] 0xcb:0x6 DW_TAG_enumerator
	.long	.Linfo_string26                 @ DW_AT_name
	.byte	2                               @ DW_AT_const_value
	.byte	3                               @ Abbrev [3] 0xd1:0x6 DW_TAG_enumerator
	.long	.Linfo_string27                 @ DW_AT_name
	.byte	3                               @ DW_AT_const_value
	.byte	0                               @ End Of Children Mark
	.byte	2                               @ Abbrev [2] 0xd8:0x15 DW_TAG_enumeration_type
	.long	143                             @ DW_AT_type
	.byte	4                               @ DW_AT_byte_size
	.byte	1                               @ DW_AT_decl_file
	.byte	20                              @ DW_AT_decl_line
	.byte	3                               @ Abbrev [3] 0xe0:0x6 DW_TAG_enumerator
	.long	.Linfo_string28                 @ DW_AT_name
	.byte	0                               @ DW_AT_const_value
	.byte	3                               @ Abbrev [3] 0xe6:0x6 DW_TAG_enumerator
	.long	.Linfo_string29                 @ DW_AT_name
	.byte	1                               @ DW_AT_const_value
	.byte	0                               @ End Of Children Mark
	.byte	2                               @ Abbrev [2] 0xed:0x21 DW_TAG_enumeration_type
	.long	143                             @ DW_AT_type
	.byte	4                               @ DW_AT_byte_size
	.byte	1                               @ DW_AT_decl_file
	.byte	21                              @ DW_AT_decl_line
	.byte	3                               @ Abbrev [3] 0xf5:0x6 DW_TAG_enumerator
	.long	.Linfo_string30                 @ DW_AT_name
	.byte	0                               @ DW_AT_const_value
	.byte	3                               @ Abbrev [3] 0xfb:0x6 DW_TAG_enumerator
	.long	.Linfo_string31                 @ DW_AT_name
	.byte	1                               @ DW_AT_const_value
	.byte	3                               @ Abbrev [3] 0x101:0x6 DW_TAG_enumerator
	.long	.Linfo_string32                 @ DW_AT_name
	.byte	2                               @ DW_AT_const_value
	.byte	3                               @ Abbrev [3] 0x107:0x6 DW_TAG_enumerator
	.long	.Linfo_string33                 @ DW_AT_name
	.byte	3                               @ DW_AT_const_value
	.byte	0                               @ End Of Children Mark
	.byte	5                               @ Abbrev [5] 0x10e:0x20 DW_TAG_subprogram
	.long	.Lfunc_begin0                   @ DW_AT_low_pc
	.long	.Lfunc_end0-.Lfunc_begin0       @ DW_AT_high_pc
	.byte	1                               @ DW_AT_frame_base
	.byte	93
	.long	.Linfo_string34                 @ DW_AT_name
	.byte	2                               @ DW_AT_decl_file
	.byte	21                              @ DW_AT_decl_line
                                        @ DW_AT_prototyped
                                        @ DW_AT_external
	.byte	6                               @ Abbrev [6] 0x11f:0xe DW_TAG_formal_parameter
	.byte	2                               @ DW_AT_location
	.byte	145
	.byte	0
	.long	.Linfo_string40                 @ DW_AT_name
	.byte	2                               @ DW_AT_decl_file
	.byte	21                              @ DW_AT_decl_line
	.long	476                             @ DW_AT_type
	.byte	0                               @ End Of Children Mark
	.byte	5                               @ Abbrev [5] 0x12e:0x2e DW_TAG_subprogram
	.long	.Lfunc_begin1                   @ DW_AT_low_pc
	.long	.Lfunc_end1-.Lfunc_begin1       @ DW_AT_high_pc
	.byte	1                               @ DW_AT_frame_base
	.byte	93
	.long	.Linfo_string35                 @ DW_AT_name
	.byte	2                               @ DW_AT_decl_file
	.byte	45                              @ DW_AT_decl_line
                                        @ DW_AT_prototyped
                                        @ DW_AT_external
	.byte	6                               @ Abbrev [6] 0x13f:0xe DW_TAG_formal_parameter
	.byte	2                               @ DW_AT_location
	.byte	145
	.byte	4
	.long	.Linfo_string65                 @ DW_AT_name
	.byte	2                               @ DW_AT_decl_file
	.byte	45                              @ DW_AT_decl_line
	.long	569                             @ DW_AT_type
	.byte	6                               @ Abbrev [6] 0x14d:0xe DW_TAG_formal_parameter
	.byte	2                               @ DW_AT_location
	.byte	145
	.byte	0
	.long	.Linfo_string66                 @ DW_AT_name
	.byte	2                               @ DW_AT_decl_file
	.byte	45                              @ DW_AT_decl_line
	.long	744                             @ DW_AT_type
	.byte	0                               @ End Of Children Mark
	.byte	5                               @ Abbrev [5] 0x15c:0x2e DW_TAG_subprogram
	.long	.Lfunc_begin2                   @ DW_AT_low_pc
	.long	.Lfunc_end2-.Lfunc_begin2       @ DW_AT_high_pc
	.byte	1                               @ DW_AT_frame_base
	.byte	93
	.long	.Linfo_string36                 @ DW_AT_name
	.byte	2                               @ DW_AT_decl_file
	.byte	58                              @ DW_AT_decl_line
                                        @ DW_AT_prototyped
                                        @ DW_AT_external
	.byte	6                               @ Abbrev [6] 0x16d:0xe DW_TAG_formal_parameter
	.byte	2                               @ DW_AT_location
	.byte	145
	.byte	4
	.long	.Linfo_string65                 @ DW_AT_name
	.byte	2                               @ DW_AT_decl_file
	.byte	58                              @ DW_AT_decl_line
	.long	569                             @ DW_AT_type
	.byte	6                               @ Abbrev [6] 0x17b:0xe DW_TAG_formal_parameter
	.byte	2                               @ DW_AT_location
	.byte	145
	.byte	0
	.long	.Linfo_string66                 @ DW_AT_name
	.byte	2                               @ DW_AT_decl_file
	.byte	58                              @ DW_AT_decl_line
	.long	744                             @ DW_AT_type
	.byte	0                               @ End Of Children Mark
	.byte	7                               @ Abbrev [7] 0x18a:0x40 DW_TAG_subprogram
	.long	.Lfunc_begin3                   @ DW_AT_low_pc
	.long	.Lfunc_end3-.Lfunc_begin3       @ DW_AT_high_pc
	.byte	1                               @ DW_AT_frame_base
	.byte	93
	.long	.Linfo_string37                 @ DW_AT_name
	.byte	2                               @ DW_AT_decl_file
	.byte	71                              @ DW_AT_decl_line
                                        @ DW_AT_prototyped
	.long	458                             @ DW_AT_type
                                        @ DW_AT_external
	.byte	6                               @ Abbrev [6] 0x19f:0xe DW_TAG_formal_parameter
	.byte	2                               @ DW_AT_location
	.byte	145
	.byte	8
	.long	.Linfo_string65                 @ DW_AT_name
	.byte	2                               @ DW_AT_decl_file
	.byte	71                              @ DW_AT_decl_line
	.long	569                             @ DW_AT_type
	.byte	6                               @ Abbrev [6] 0x1ad:0xe DW_TAG_formal_parameter
	.byte	2                               @ DW_AT_location
	.byte	145
	.byte	4
	.long	.Linfo_string66                 @ DW_AT_name
	.byte	2                               @ DW_AT_decl_file
	.byte	71                              @ DW_AT_decl_line
	.long	744                             @ DW_AT_type
	.byte	8                               @ Abbrev [8] 0x1bb:0xe DW_TAG_variable
	.byte	2                               @ DW_AT_location
	.byte	145
	.byte	3
	.long	.Linfo_string67                 @ DW_AT_name
	.byte	2                               @ DW_AT_decl_file
	.byte	73                              @ DW_AT_decl_line
	.long	458                             @ DW_AT_type
	.byte	0                               @ End Of Children Mark
	.byte	9                               @ Abbrev [9] 0x1ca:0xb DW_TAG_typedef
	.long	469                             @ DW_AT_type
	.long	.Linfo_string39                 @ DW_AT_name
	.byte	3                               @ DW_AT_decl_file
	.byte	62                              @ DW_AT_decl_line
	.byte	4                               @ Abbrev [4] 0x1d5:0x7 DW_TAG_base_type
	.long	.Linfo_string38                 @ DW_AT_name
	.byte	8                               @ DW_AT_encoding
	.byte	1                               @ DW_AT_byte_size
	.byte	10                              @ Abbrev [10] 0x1dc:0x5 DW_TAG_pointer_type
	.long	481                             @ DW_AT_type
	.byte	9                               @ Abbrev [9] 0x1e1:0xb DW_TAG_typedef
	.long	492                             @ DW_AT_type
	.long	.Linfo_string64                 @ DW_AT_name
	.byte	1                               @ DW_AT_decl_file
	.byte	84                              @ DW_AT_decl_line
	.byte	11                              @ Abbrev [11] 0x1ec:0x4d DW_TAG_structure_type
	.byte	24                              @ DW_AT_byte_size
	.byte	1                               @ DW_AT_decl_file
	.byte	75                              @ DW_AT_decl_line
	.byte	12                              @ Abbrev [12] 0x1f0:0xc DW_TAG_member
	.long	.Linfo_string41                 @ DW_AT_name
	.long	569                             @ DW_AT_type
	.byte	1                               @ DW_AT_decl_file
	.byte	77                              @ DW_AT_decl_line
	.byte	0                               @ DW_AT_data_member_location
	.byte	12                              @ Abbrev [12] 0x1fc:0xc DW_TAG_member
	.long	.Linfo_string54                 @ DW_AT_name
	.long	744                             @ DW_AT_type
	.byte	1                               @ DW_AT_decl_file
	.byte	78                              @ DW_AT_decl_line
	.byte	4                               @ DW_AT_data_member_location
	.byte	12                              @ Abbrev [12] 0x208:0xc DW_TAG_member
	.long	.Linfo_string56                 @ DW_AT_name
	.long	755                             @ DW_AT_type
	.byte	1                               @ DW_AT_decl_file
	.byte	79                              @ DW_AT_decl_line
	.byte	8                               @ DW_AT_data_member_location
	.byte	12                              @ Abbrev [12] 0x214:0xc DW_TAG_member
	.long	.Linfo_string58                 @ DW_AT_name
	.long	766                             @ DW_AT_type
	.byte	1                               @ DW_AT_decl_file
	.byte	80                              @ DW_AT_decl_line
	.byte	12                              @ DW_AT_data_member_location
	.byte	12                              @ Abbrev [12] 0x220:0xc DW_TAG_member
	.long	.Linfo_string60                 @ DW_AT_name
	.long	777                             @ DW_AT_type
	.byte	1                               @ DW_AT_decl_file
	.byte	81                              @ DW_AT_decl_line
	.byte	16                              @ DW_AT_data_member_location
	.byte	12                              @ Abbrev [12] 0x22c:0xc DW_TAG_member
	.long	.Linfo_string62                 @ DW_AT_name
	.long	788                             @ DW_AT_type
	.byte	1                               @ DW_AT_decl_file
	.byte	82                              @ DW_AT_decl_line
	.byte	20                              @ DW_AT_data_member_location
	.byte	0                               @ End Of Children Mark
	.byte	10                              @ Abbrev [10] 0x239:0x5 DW_TAG_pointer_type
	.long	574                             @ DW_AT_type
	.byte	13                              @ Abbrev [13] 0x23e:0xc DW_TAG_typedef
	.long	586                             @ DW_AT_type
	.long	.Linfo_string53                 @ DW_AT_name
	.byte	4                               @ DW_AT_decl_file
	.short	606                             @ DW_AT_decl_line
	.byte	14                              @ Abbrev [14] 0x24a:0x7b DW_TAG_structure_type
	.byte	40                              @ DW_AT_byte_size
	.byte	4                               @ DW_AT_decl_file
	.short	595                             @ DW_AT_decl_line
	.byte	15                              @ Abbrev [15] 0x24f:0xd DW_TAG_member
	.long	.Linfo_string42                 @ DW_AT_name
	.long	709                             @ DW_AT_type
	.byte	4                               @ DW_AT_decl_file
	.short	597                             @ DW_AT_decl_line
	.byte	0                               @ DW_AT_data_member_location
	.byte	15                              @ Abbrev [15] 0x25c:0xd DW_TAG_member
	.long	.Linfo_string44                 @ DW_AT_name
	.long	709                             @ DW_AT_type
	.byte	4                               @ DW_AT_decl_file
	.short	598                             @ DW_AT_decl_line
	.byte	4                               @ DW_AT_data_member_location
	.byte	15                              @ Abbrev [15] 0x269:0xd DW_TAG_member
	.long	.Linfo_string45                 @ DW_AT_name
	.long	709                             @ DW_AT_type
	.byte	4                               @ DW_AT_decl_file
	.short	599                             @ DW_AT_decl_line
	.byte	8                               @ DW_AT_data_member_location
	.byte	15                              @ Abbrev [15] 0x276:0xd DW_TAG_member
	.long	.Linfo_string46                 @ DW_AT_name
	.long	709                             @ DW_AT_type
	.byte	4                               @ DW_AT_decl_file
	.short	600                             @ DW_AT_decl_line
	.byte	12                              @ DW_AT_data_member_location
	.byte	15                              @ Abbrev [15] 0x283:0xd DW_TAG_member
	.long	.Linfo_string47                 @ DW_AT_name
	.long	709                             @ DW_AT_type
	.byte	4                               @ DW_AT_decl_file
	.short	601                             @ DW_AT_decl_line
	.byte	16                              @ DW_AT_data_member_location
	.byte	15                              @ Abbrev [15] 0x290:0xd DW_TAG_member
	.long	.Linfo_string48                 @ DW_AT_name
	.long	709                             @ DW_AT_type
	.byte	4                               @ DW_AT_decl_file
	.short	602                             @ DW_AT_decl_line
	.byte	20                              @ DW_AT_data_member_location
	.byte	15                              @ Abbrev [15] 0x29d:0xd DW_TAG_member
	.long	.Linfo_string49                 @ DW_AT_name
	.long	709                             @ DW_AT_type
	.byte	4                               @ DW_AT_decl_file
	.short	603                             @ DW_AT_decl_line
	.byte	24                              @ DW_AT_data_member_location
	.byte	15                              @ Abbrev [15] 0x2aa:0xd DW_TAG_member
	.long	.Linfo_string50                 @ DW_AT_name
	.long	709                             @ DW_AT_type
	.byte	4                               @ DW_AT_decl_file
	.short	604                             @ DW_AT_decl_line
	.byte	28                              @ DW_AT_data_member_location
	.byte	15                              @ Abbrev [15] 0x2b7:0xd DW_TAG_member
	.long	.Linfo_string51                 @ DW_AT_name
	.long	725                             @ DW_AT_type
	.byte	4                               @ DW_AT_decl_file
	.short	605                             @ DW_AT_decl_line
	.byte	32                              @ DW_AT_data_member_location
	.byte	0                               @ End Of Children Mark
	.byte	16                              @ Abbrev [16] 0x2c5:0x5 DW_TAG_volatile_type
	.long	714                             @ DW_AT_type
	.byte	9                               @ Abbrev [9] 0x2ca:0xb DW_TAG_typedef
	.long	143                             @ DW_AT_type
	.long	.Linfo_string43                 @ DW_AT_name
	.byte	3                               @ DW_AT_decl_file
	.byte	64                              @ DW_AT_decl_line
	.byte	17                              @ Abbrev [17] 0x2d5:0xc DW_TAG_array_type
	.long	709                             @ DW_AT_type
	.byte	18                              @ Abbrev [18] 0x2da:0x6 DW_TAG_subrange_type
	.long	737                             @ DW_AT_type
	.byte	2                               @ DW_AT_count
	.byte	0                               @ End Of Children Mark
	.byte	19                              @ Abbrev [19] 0x2e1:0x7 DW_TAG_base_type
	.long	.Linfo_string52                 @ DW_AT_name
	.byte	8                               @ DW_AT_byte_size
	.byte	7                               @ DW_AT_encoding
	.byte	9                               @ Abbrev [9] 0x2e8:0xb DW_TAG_typedef
	.long	38                              @ DW_AT_type
	.long	.Linfo_string55                 @ DW_AT_name
	.byte	1                               @ DW_AT_decl_file
	.byte	17                              @ DW_AT_decl_line
	.byte	9                               @ Abbrev [9] 0x2f3:0xb DW_TAG_typedef
	.long	150                             @ DW_AT_type
	.long	.Linfo_string57                 @ DW_AT_name
	.byte	1                               @ DW_AT_decl_file
	.byte	18                              @ DW_AT_decl_line
	.byte	9                               @ Abbrev [9] 0x2fe:0xb DW_TAG_typedef
	.long	183                             @ DW_AT_type
	.long	.Linfo_string59                 @ DW_AT_name
	.byte	1                               @ DW_AT_decl_file
	.byte	19                              @ DW_AT_decl_line
	.byte	9                               @ Abbrev [9] 0x309:0xb DW_TAG_typedef
	.long	216                             @ DW_AT_type
	.long	.Linfo_string61                 @ DW_AT_name
	.byte	1                               @ DW_AT_decl_file
	.byte	20                              @ DW_AT_decl_line
	.byte	9                               @ Abbrev [9] 0x314:0xb DW_TAG_typedef
	.long	237                             @ DW_AT_type
	.long	.Linfo_string63                 @ DW_AT_name
	.byte	1                               @ DW_AT_decl_file
	.byte	21                              @ DW_AT_decl_line
	.byte	0                               @ End Of Children Mark
.Ldebug_info_end0:
	.section	.debug_str,"MS",%progbits,1
.Linfo_string0:
	.asciz	"Component: Arm Compiler for Embedded 6.24 Tool: armclang [5f371800]" @ string offset=0
.Linfo_string1:
	.asciz	"src\\gpioControl.c"            @ string offset=68
.Linfo_string2:
	.asciz	"C:\\Users\\admin\\OneDrive\\Embedded\\scratch\\STM32F439_Template\\STM32F439_Template" @ string offset=86
.Linfo_string3:
	.asciz	"unsigned int"                  @ string offset=165
.Linfo_string4:
	.asciz	"Pin0"                          @ string offset=178
.Linfo_string5:
	.asciz	"Pin1"                          @ string offset=183
.Linfo_string6:
	.asciz	"Pin2"                          @ string offset=188
.Linfo_string7:
	.asciz	"Pin3"                          @ string offset=193
.Linfo_string8:
	.asciz	"Pin4"                          @ string offset=198
.Linfo_string9:
	.asciz	"Pin5"                          @ string offset=203
.Linfo_string10:
	.asciz	"Pin6"                          @ string offset=208
.Linfo_string11:
	.asciz	"Pin7"                          @ string offset=213
.Linfo_string12:
	.asciz	"Pin8"                          @ string offset=218
.Linfo_string13:
	.asciz	"Pin9"                          @ string offset=223
.Linfo_string14:
	.asciz	"Pin10"                         @ string offset=228
.Linfo_string15:
	.asciz	"Pin11"                         @ string offset=234
.Linfo_string16:
	.asciz	"Pin12"                         @ string offset=240
.Linfo_string17:
	.asciz	"Pin13"                         @ string offset=246
.Linfo_string18:
	.asciz	"Pin14"                         @ string offset=252
.Linfo_string19:
	.asciz	"Pin15"                         @ string offset=258
.Linfo_string20:
	.asciz	"GPIO_Input"                    @ string offset=264
.Linfo_string21:
	.asciz	"GPIO_Output"                   @ string offset=275
.Linfo_string22:
	.asciz	"GPIO_AF"                       @ string offset=287
.Linfo_string23:
	.asciz	"GPIO_Analog"                   @ string offset=295
.Linfo_string24:
	.asciz	"GPIO_No_Pull"                  @ string offset=307
.Linfo_string25:
	.asciz	"GPIO_Pull_Up"                  @ string offset=320
.Linfo_string26:
	.asciz	"GPIO_Pull_Down"                @ string offset=333
.Linfo_string27:
	.asciz	"GPIO_Reserved"                 @ string offset=348
.Linfo_string28:
	.asciz	"GPIO_Output_PushPull"          @ string offset=362
.Linfo_string29:
	.asciz	"GPIO_Output_OpenDrain"         @ string offset=383
.Linfo_string30:
	.asciz	"GPIO_2MHz"                     @ string offset=405
.Linfo_string31:
	.asciz	"GPIO_25MHz"                    @ string offset=415
.Linfo_string32:
	.asciz	"GPIO_50MHz"                    @ string offset=426
.Linfo_string33:
	.asciz	"GPIO_100MHz"                   @ string offset=437
.Linfo_string34:
	.asciz	"gpio_configureGPIO"            @ string offset=449
.Linfo_string35:
	.asciz	"gpio_setGPIO"                  @ string offset=468
.Linfo_string36:
	.asciz	"gpio_resetGPIO"                @ string offset=481
.Linfo_string37:
	.asciz	"gpio_getPinValue"              @ string offset=496
.Linfo_string38:
	.asciz	"unsigned char"                 @ string offset=513
.Linfo_string39:
	.asciz	"uint8_t"                       @ string offset=527
.Linfo_string40:
	.asciz	"inputGPIO"                     @ string offset=535
.Linfo_string41:
	.asciz	"port"                          @ string offset=545
.Linfo_string42:
	.asciz	"MODER"                         @ string offset=550
.Linfo_string43:
	.asciz	"uint32_t"                      @ string offset=556
.Linfo_string44:
	.asciz	"OTYPER"                        @ string offset=565
.Linfo_string45:
	.asciz	"OSPEEDR"                       @ string offset=572
.Linfo_string46:
	.asciz	"PUPDR"                         @ string offset=580
.Linfo_string47:
	.asciz	"IDR"                           @ string offset=586
.Linfo_string48:
	.asciz	"ODR"                           @ string offset=590
.Linfo_string49:
	.asciz	"BSRR"                          @ string offset=594
.Linfo_string50:
	.asciz	"LCKR"                          @ string offset=599
.Linfo_string51:
	.asciz	"AFR"                           @ string offset=604
.Linfo_string52:
	.asciz	"__ARRAY_SIZE_TYPE__"           @ string offset=608
.Linfo_string53:
	.asciz	"GPIO_TypeDef"                  @ string offset=628
.Linfo_string54:
	.asciz	"pin"                           @ string offset=641
.Linfo_string55:
	.asciz	"GPIOPin"                       @ string offset=645
.Linfo_string56:
	.asciz	"mode"                          @ string offset=653
.Linfo_string57:
	.asciz	"GPIOMode"                      @ string offset=658
.Linfo_string58:
	.asciz	"pullUpDown"                    @ string offset=667
.Linfo_string59:
	.asciz	"GPIOPullUpDown"                @ string offset=678
.Linfo_string60:
	.asciz	"outputType"                    @ string offset=693
.Linfo_string61:
	.asciz	"GPIOOutputType"                @ string offset=704
.Linfo_string62:
	.asciz	"speed"                         @ string offset=719
.Linfo_string63:
	.asciz	"GPIOSpeed"                     @ string offset=725
.Linfo_string64:
	.asciz	"GPIO_Config"                   @ string offset=735
.Linfo_string65:
	.asciz	"inputPort"                     @ string offset=747
.Linfo_string66:
	.asciz	"inputPin"                      @ string offset=757
.Linfo_string67:
	.asciz	"bitValue"                      @ string offset=766
	.ident	"Component: Arm Compiler for Embedded 6.24 Tool: armclang [5f371800]"
	.section	".note.GNU-stack","",%progbits
	.eabi_attribute	30, 6	@ Tag_ABI_optimization_goals
	.ARM_attribute	16, 1	@ Tag_AV_eba
	.section	.debug_line,"",%progbits
.Lline_table_start0:
