<html>
<body>
<pre>
<h1>µVision Build Log</h1>
<h2>Tool Versions:</h2>
IDE-Version: µVision V5.43.1.0
Copyright (C) 2025 ARM Ltd and ARM Germany GmbH. All rights reserved.
License Information: Glenn Matthews, RMIT University, LIC=----
 
Tool Versions:
Toolchain:       MDK-Lite  Version: 5.43.0.0
Toolchain Path:  C:\Keil_v5\ARM\ARMCLANG\Bin
C Compiler:      ArmClang.exe V6.24
Assembler:       Armasm.exe V6.24
Linker/Locator:  ArmLink.exe V6.24
Library Manager: ArmAr.exe V6.24
Hex Converter:   FromElf.exe V6.24
CPU DLL:         SARMCM3.DLL V5.43.0.0
Dialog DLL:      DCM.DLL V1.17.5.0
Target DLL:      Segger\JL2CM3.dll V2.99.45.0
Dialog DLL:      TCM.DLL V1.56.6.0
 
<h2>Project:</h2>
D:\RMIT\My Documents\EEET2096 - Embedded System Design and Implementation\2026\Lectures\Topic_5_STM32F439_Template\STM32F439_Template\STM32F439_Template.uvprojx
Project File Date:  03/04/2026

<h2>Output:</h2>
*** Using Compiler 'V6.24', folder: 'C:\Keil_v5\ARM\ARMCLANG\Bin'
Build target 'STM32F4 FLASH'
creating list file for boardSupport.c...
creating preprocessor file for stm32f4xx_it.c...
creating list file for stm32f4xx_it.c...
compiling boardSupport.c...
compiling stm32f4xx_it.c...
creating list file for main.c...
creating list file for gpioControl.c...
creating preprocessor file for gpioControl.c...
creating preprocessor file for main.c...
creating preprocessor file for boardSupport.c...
compiling main.c...
assembling startup_stm32f439xx.s...
compiling gpioControl.c...
creating list file for system_stm32f4xx.c...
creating preprocessor file for system_stm32f4xx.c...
compiling system_stm32f4xx.c...
linking...
Program Size: Code=2290 RO-data=478 RW-data=4 ZI-data=1028  
".\Flash\STM32F439_Template_Flash.axf" - 0 Error(s), 0 Warning(s).

<h2>Software Packages used:</h2>

Package Vendor: ARM
                https://www.keil.com/pack/ARM.CMSIS.6.2.0.pack
                ARM::CMSIS@6.2.0
                CMSIS (Common Microcontroller Software Interface Standard)
   * Component: CORE Version: 6.1.1

Package Vendor: Keil
                https://www.keil.com/pack/Keil.STM32F4xx_DFP.3.1.1.pack
                Keil::STM32F4xx_DFP@3.1.1
                STMicroelectronics STM32F4 Series Device Support

<h2>Collection of Component include folders:</h2>
  ./RTE/_STM32F4_FLASH
  C:/Keil_v5/Packs/ARM/CMSIS/6.2.0/CMSIS/Core/Include

<h2>Collection of Component Files used:</h2>

   * Component: ARM::CMSIS:CORE@6.1.1
Build Time Elapsed:  00:00:01
</pre>
</body>
</html>
